diff --git a/org/example/Example$.class.asm b/org/example/Example$.class.asm
new file mode 100644
index 0000000..f284161
--- /dev/null
+++ b/org/example/Example$.class.asm
@@ -0,0 +1,23 @@
+// class version 52.0 (52)
+// access flags 0x31
+public final class org/example/Example$ {
+
+
+  // access flags 0x19
+  public final static Lorg/example/Example$; MODULE$
+
+  // access flags 0x1A
+  private final static I privatefield
+
+  // access flags 0x9
+  public static <clinit>()V
+
+  // access flags 0x2
+  private <init>()V
+
+  // access flags 0x1
+  public member()Ljava/lang/String;
+
+  // access flags 0x2
+  private privatethis()Ljava/lang/String;
+}
diff --git a/org/example/Example.class.asm b/org/example/Example.class.asm
new file mode 100644
index 0000000..64d61b8
--- /dev/null
+++ b/org/example/Example.class.asm
@@ -0,0 +1,8 @@
+// class version 52.0 (52)
+// access flags 0x31
+public final class org/example/Example {
+
+
+  // access flags 0x9
+  public static member()Ljava/lang/String;
+}
diff --git a/org/example/Example.class.scalap b/org/example/Example.class.scalap
new file mode 100644
index 0000000..d27f104
--- /dev/null
+++ b/org/example/Example.class.scalap
@@ -0,0 +1,5 @@
+package org.example
+object Example extends scala.AnyRef {
+  def this() = { /* compiled code */ }
+  def member: java.lang.String = { /* compiled code */ }
+}
diff --git a/org/example/OtherExample.class.asm b/org/example/OtherExample.class.asm
new file mode 100644
index 0000000..0e76fb7
--- /dev/null
+++ b/org/example/OtherExample.class.asm
@@ -0,0 +1,11 @@
+// class version 52.0 (52)
+// access flags 0x21
+public class org/example/OtherExample {
+
+
+  // access flags 0x1
+  public <init>()V
+
+  // access flags 0x1
+  public othermember()Ljava/lang/String;
+}
diff --git a/org/example/OtherExample.class.scalap b/org/example/OtherExample.class.scalap
new file mode 100644
index 0000000..6ada8a7
--- /dev/null
+++ b/org/example/OtherExample.class.scalap
@@ -0,0 +1,5 @@
+package org.example
+class OtherExample extends scala.AnyRef {
+  def this() = { /* compiled code */ }
+  def othermember: java.lang.String = { /* compiled code */ }
+}